galaxy_unit_tests/galaxy_unit_test_7/galaxy_unit_test_7
galaxy_unit_tests/galaxy_unit_test_1/galaxy_unit_test_1
galaxy_unit_tests/galaxy_unit_test_2/galaxy_unit_test_2
galaxy_unit_tests/galaxy_unit_test_3/galaxy_unit_test_3
galaxy_unit_tests/galaxy_unit_test_5/galaxy_unit_test_5
galaxy_unit_tests/galaxy_unit_test_6/galaxy_unit_test_6
galaxy_unit_tests/galaxy_unit_test_8/galaxy_unit_test_8
galaxy_unit_tests/galaxy_unit_test_9/galaxy_unit_test_9
galaxy_unit_tests/galaxy_unit_test_10/galaxy_unit_test_10
other_libraries/tufao/unit_test_1/ut1
other_libraries/R/unit_test_1/unit_test_1
galaxy_libraries/galaxy_qt_libraries/gqtl_statsengine/unit_test_shape_identifier/unit_test_shape_identifier
galaxy_libraries/galaxy_qt_libraries/gqtl_statsengine/unit_test_multi_variate/unit_test_multi_variate
galaxy_libraries/galaxy_qt_libraries/gqtl_statsengine/unit_test_threads/unit_test_threads
other_libraries/libqglviewer/qglviewer_unittest/qglviewer_unittest
galaxy_unit_tests/galaxy_unit_test_pat_recipe/galaxy_ut_pat_recipe
galaxy_unit_tests/galaxy_unit_test_js_regexp/galaxy_ut_js_regexp
galaxy_unit_tests/memsize/memsize
galaxy_unit_tests/galaxy_unit_datakeys/galaxy_unit_datakeys
galaxy_unit_tests/oneButtonAndTimer/oneButtonAndTimer
galaxy_libraries/galaxy_qt_libraries/gqtl_svg/unit_test_1/gqtl_svg_unittest
other_libraries/qtpropertybrowser-2.5_1-commercial/examples/simple/simple
galaxy_unit_tests/gqtl_getprocesses/gqtl_getprocesses
galaxy_unit_tests/galaxy_unit_test_parser_library/galaxy_unit_test_parser_library
galaxy_unit_tests/gtl_profiler_ut1/gtl_profiler_ut1
galaxy_unit_tests/galaxy_unit_test_gs_type/galaxy_unit_test_gs_type
galaxy_unit_tests/gtl-sqlite-schema/gtl-sqlite-schema
